2026-04-14 23:27:48,117 [INFO] ============================================================
2026-04-14 23:27:48,117 [INFO] CTA 特征生成开始
2026-04-14 23:27:48,117 [INFO] 输出目录: /Users/wuyuliang/code/vnpy/cta/feature/feature
2026-04-14 23:27:48,117 [INFO] 频率: all  截面特征: True
2026-04-14 23:27:48,117 [INFO] ============================================================
2026-04-14 23:27:48,126 [INFO] [Day 1/71] AP0 ...
2026-04-14 23:27:48,623 [INFO]   -> AP0.parquet  (1997 rows, 289 cols)
2026-04-14 23:27:48,623 [INFO] [Day 2/71] CF0 ...
2026-04-14 23:27:49,685 [INFO]   -> CF0.parquet  (5164 rows, 289 cols)
2026-04-14 23:27:49,685 [INFO] [Day 3/71] CJ0 ...
2026-04-14 23:27:50,089 [INFO]   -> CJ0.parquet  (1673 rows, 289 cols)
2026-04-14 23:27:50,089 [INFO] [Day 4/71] CY0 ...
2026-04-14 23:27:50,570 [INFO]   -> CY0.parquet  (2051 rows, 289 cols)
2026-04-14 23:27:50,571 [INFO] [Day 5/71] FG0 ...
2026-04-14 23:27:51,274 [INFO]   -> FG0.parquet  (3223 rows, 289 cols)
2026-04-14 23:27:51,274 [INFO] [Day 6/71] JR0 ...
/Library/Frameworks/Python.framework/Versions/3.13/lib/python3.13/site-packages/numpy/_core/fromnumeric.py:57: RuntimeWarning: invalid value encountered in accumulate
  return bound(*args, **kwds)
/Library/Frameworks/Python.framework/Versions/3.13/lib/python3.13/site-packages/numpy/_core/fromnumeric.py:57: RuntimeWarning: invalid value encountered in accumulate
  return bound(*args, **kwds)
2026-04-14 23:27:51,604 [INFO]   -> JR0.parquet  (1194 rows, 289 cols)
2026-04-14 23:27:51,604 [INFO] [Day 7/71] LR0 ...
/Library/Frameworks/Python.framework/Versions/3.13/lib/python3.13/site-packages/numpy/_core/fromnumeric.py:57: RuntimeWarning: invalid value encountered in accumulate
  return bound(*args, **kwds)
/Library/Frameworks/Python.framework/Versions/3.13/lib/python3.13/site-packages/numpy/_core/fromnumeric.py:57: RuntimeWarning: invalid value encountered in accumulate
  return bound(*args, **kwds)
2026-04-14 23:27:51,876 [INFO]   -> LR0.parquet  (939 rows, 289 cols)
2026-04-14 23:27:51,877 [INFO] [Day 8/71] MA0 ...
2026-04-14 23:27:52,533 [INFO]   -> MA0.parquet  (2727 rows, 289 cols)
2026-04-14 23:27:52,533 [INFO] [Day 9/71] OI0 ...
2026-04-14 23:27:53,547 [INFO]   -> OI0.parquet  (4567 rows, 289 cols)
2026-04-14 23:27:53,547 [INFO] [Day 10/71] PF0 ...
2026-04-14 23:27:53,898 [INFO]   -> PF0.parquet  (1325 rows, 289 cols)
2026-04-14 23:27:53,898 [INFO] [Day 11/71] PK0 ...
2026-04-14 23:27:54,230 [INFO]   -> PK0.parquet  (1246 rows, 289 cols)
2026-04-14 23:27:54,230 [INFO] [Day 12/71] PL0 ...
2026-04-14 23:27:54,354 [INFO]   -> PL0.parquet  (165 rows, 289 cols)
2026-04-14 23:27:54,354 [INFO] [Day 13/71] PR0 ...
2026-04-14 23:27:54,526 [INFO]   -> PR0.parquet  (378 rows, 289 cols)
2026-04-14 23:27:54,526 [INFO] [Day 14/71] PX0 ...
2026-04-14 23:27:54,737 [INFO]   -> PX0.parquet  (609 rows, 289 cols)
2026-04-14 23:27:54,737 [INFO] [Day 15/71] RI0 ...
/Library/Frameworks/Python.framework/Versions/3.13/lib/python3.13/site-packages/numpy/_core/fromnumeric.py:57: RuntimeWarning: invalid value encountered in accumulate
  return bound(*args, **kwds)
/Library/Frameworks/Python.framework/Versions/3.13/lib/python3.13/site-packages/numpy/_core/fromnumeric.py:57: RuntimeWarning: invalid value encountered in accumulate
  return bound(*args, **kwds)
2026-04-14 23:27:55,293 [INFO]   -> RI0.parquet  (2430 rows, 289 cols)
2026-04-14 23:27:55,293 [INFO] [Day 16/71] RM0 ...
2026-04-14 23:27:56,004 [INFO]   -> RM0.parquet  (3209 rows, 289 cols)
2026-04-14 23:27:56,004 [INFO] [Day 17/71] RS0 ...
/Library/Frameworks/Python.framework/Versions/3.13/lib/python3.13/site-packages/numpy/_core/fromnumeric.py:57: RuntimeWarning: invalid value encountered in accumulate
  return bound(*args, **kwds)
/Library/Frameworks/Python.framework/Versions/3.13/lib/python3.13/site-packages/numpy/_core/fromnumeric.py:57: RuntimeWarning: invalid value encountered in accumulate
  return bound(*args, **kwds)
2026-04-14 23:27:56,598 [INFO]   -> RS0.parquet  (2611 rows, 289 cols)
2026-04-14 23:27:56,599 [INFO] [Day 18/71] SA0 ...
2026-04-14 23:27:56,986 [INFO]   -> SA0.parquet  (1527 rows, 289 cols)
2026-04-14 23:27:56,986 [INFO] [Day 19/71] SF0 ...
2026-04-14 23:27:57,626 [INFO]   -> SF0.parquet  (2794 rows, 289 cols)
2026-04-14 23:27:57,626 [INFO] [Day 20/71] SH0 ...
2026-04-14 23:27:57,839 [INFO]   -> SH0.parquet  (609 rows, 289 cols)
2026-04-14 23:27:57,839 [INFO] [Day 21/71] SM0 ...
2026-04-14 23:27:58,474 [INFO]   -> SM0.parquet  (2777 rows, 289 cols)
2026-04-14 23:27:58,474 [INFO] [Day 22/71] SR0 ...
2026-04-14 23:27:59,534 [INFO]   -> SR0.parquet  (4907 rows, 289 cols)
2026-04-14 23:27:59,535 [INFO] [Day 23/71] TA0 ...
2026-04-14 23:28:00,646 [INFO]   -> TA0.parquet  (4681 rows, 289 cols)
2026-04-14 23:28:00,646 [INFO] [Day 24/71] UR0 ...
2026-04-14 23:28:01,062 [INFO]   -> UR0.parquet  (1606 rows, 289 cols)
2026-04-14 23:28:01,062 [INFO] [Day 25/71] WH0 ...
2026-04-14 23:28:01,955 [INFO]   -> WH0.parquet  (4157 rows, 289 cols)
2026-04-14 23:28:01,955 [INFO] [Day 26/71] A0 ...
2026-04-14 23:28:03,048 [INFO]   -> A0.parquet  (5163 rows, 289 cols)
2026-04-14 23:28:03,048 [INFO] [Day 27/71] B0 ...
/Library/Frameworks/Python.framework/Versions/3.13/lib/python3.13/site-packages/numpy/_core/fromnumeric.py:57: RuntimeWarning: invalid value encountered in accumulate
  return bound(*args, **kwds)
/Library/Frameworks/Python.framework/Versions/3.13/lib/python3.13/site-packages/numpy/_core/fromnumeric.py:57: RuntimeWarning: invalid value encountered in accumulate
  return bound(*args, **kwds)
2026-04-14 23:28:03,979 [INFO]   -> B0.parquet  (4368 rows, 289 cols)
2026-04-14 23:28:03,979 [INFO] [Day 28/71] BZ0 ...
2026-04-14 23:28:04,110 [INFO]   -> BZ0.parquet  (175 rows, 289 cols)
2026-04-14 23:28:04,110 [INFO] [Day 29/71] C0 ...
2026-04-14 23:28:05,200 [INFO]   -> C0.parquet  (5160 rows, 289 cols)
2026-04-14 23:28:05,201 [INFO] [Day 30/71] CS0 ...
2026-04-14 23:28:05,832 [INFO]   -> CS0.parquet  (2734 rows, 289 cols)
2026-04-14 23:28:05,832 [INFO] [Day 31/71] EB0 ...
2026-04-14 23:28:06,239 [INFO]   -> EB0.parquet  (1573 rows, 289 cols)
2026-04-14 23:28:06,239 [INFO] [Day 32/71] EG0 ...
2026-04-14 23:28:06,733 [INFO]   -> EG0.parquet  (1767 rows, 289 cols)
2026-04-14 23:28:06,734 [INFO] [Day 33/71] FB0 ...
/Library/Frameworks/Python.framework/Versions/3.13/lib/python3.13/site-packages/numpy/_core/fromnumeric.py:57: RuntimeWarning: invalid value encountered in accumulate
  return bound(*args, **kwds)
/Library/Frameworks/Python.framework/Versions/3.13/lib/python3.13/site-packages/numpy/_core/fromnumeric.py:57: RuntimeWarning: invalid value encountered in accumulate
  return bound(*args, **kwds)
2026-04-14 23:28:07,351 [INFO]   -> FB0.parquet  (2664 rows, 289 cols)
2026-04-14 23:28:07,351 [INFO] [Day 34/71] I0 ...
2026-04-14 23:28:08,063 [INFO]   -> I0.parquet  (3024 rows, 289 cols)
2026-04-14 23:28:08,063 [INFO] [Day 35/71] J0 ...
2026-04-14 23:28:08,857 [INFO]   -> J0.parquet  (3628 rows, 289 cols)
2026-04-14 23:28:08,858 [INFO] [Day 36/71] JD0 ...
2026-04-14 23:28:09,548 [INFO]   -> JD0.parquet  (3010 rows, 289 cols)
2026-04-14 23:28:09,548 [INFO] [Day 37/71] JM0 ...
2026-04-14 23:28:10,248 [INFO]   -> JM0.parquet  (3156 rows, 289 cols)
2026-04-14 23:28:10,248 [INFO] [Day 38/71] L0 ...
2026-04-14 23:28:11,236 [INFO]   -> L0.parquet  (4538 rows, 289 cols)
2026-04-14 23:28:11,236 [INFO] [Day 39/71] LG0 ...
2026-04-14 23:28:11,395 [INFO]   -> LG0.parquet  (329 rows, 289 cols)
2026-04-14 23:28:11,395 [INFO] [Day 40/71] LH0 ...
2026-04-14 23:28:11,734 [INFO]   -> LH0.parquet  (1262 rows, 289 cols)
2026-04-14 23:28:11,734 [INFO] [Day 41/71] M0 ...
2026-04-14 23:28:12,842 [INFO]   -> M0.parquet  (5166 rows, 289 cols)
2026-04-14 23:28:12,842 [INFO] [Day 42/71] P0 ...
2026-04-14 23:28:13,816 [INFO]   -> P0.parquet  (4477 rows, 289 cols)
2026-04-14 23:28:13,816 [INFO] [Day 43/71] PG0 ...
2026-04-14 23:28:14,203 [INFO]   -> PG0.parquet  (1453 rows, 289 cols)
2026-04-14 23:28:14,203 [INFO] [Day 44/71] PP0 ...
2026-04-14 23:28:14,887 [INFO]   -> PP0.parquet  (2935 rows, 289 cols)
2026-04-14 23:28:14,887 [INFO] [Day 45/71] RR0 ...
2026-04-14 23:28:15,437 [INFO]   -> RR0.parquet  (1601 rows, 289 cols)
2026-04-14 23:28:15,438 [INFO] [Day 46/71] V0 ...
2026-04-14 23:28:16,348 [INFO]   -> V0.parquet  (4084 rows, 289 cols)
2026-04-14 23:28:16,348 [INFO] [Day 47/71] Y0 ...
2026-04-14 23:28:17,427 [INFO]   -> Y0.parquet  (4909 rows, 289 cols)
2026-04-14 23:28:17,427 [INFO] [Day 48/71] BC0 ...
2026-04-14 23:28:17,787 [INFO]   -> BC0.parquet  (1297 rows, 289 cols)
2026-04-14 23:28:17,787 [INFO] [Day 49/71] EC0 ...
2026-04-14 23:28:18,010 [INFO]   -> EC0.parquet  (629 rows, 289 cols)
2026-04-14 23:28:18,010 [INFO] [Day 50/71] LU0 ...
2026-04-14 23:28:18,381 [INFO]   -> LU0.parquet  (1397 rows, 289 cols)
2026-04-14 23:28:18,381 [INFO] [Day 51/71] NR0 ...
2026-04-14 23:28:18,794 [INFO]   -> NR0.parquet  (1605 rows, 289 cols)
2026-04-14 23:28:18,794 [INFO] [Day 52/71] SC0 ...
2026-04-14 23:28:19,286 [INFO]   -> SC0.parquet  (1941 rows, 289 cols)
2026-04-14 23:28:19,287 [INFO] [Day 53/71] AD0 ...
2026-04-14 23:28:19,420 [INFO]   -> AD0.parquet  (195 rows, 289 cols)
2026-04-14 23:28:19,420 [INFO] [Day 54/71] AG0 ...
2026-04-14 23:28:20,171 [INFO]   -> AG0.parquet  (3377 rows, 289 cols)
2026-04-14 23:28:20,171 [INFO] [Day 55/71] AL0 ...
2026-04-14 23:28:21,309 [INFO]   -> AL0.parquet  (5163 rows, 289 cols)
2026-04-14 23:28:21,309 [INFO] [Day 56/71] AO0 ...
2026-04-14 23:28:21,542 [INFO]   -> AO0.parquet  (671 rows, 289 cols)
2026-04-14 23:28:21,542 [INFO] [Day 57/71] AU0 ...
2026-04-14 23:28:22,509 [INFO]   -> AU0.parquet  (4436 rows, 289 cols)
2026-04-14 23:28:22,510 [INFO] [Day 58/71] BR0 ...
2026-04-14 23:28:22,761 [INFO]   -> BR0.parquet  (644 rows, 289 cols)
2026-04-14 23:28:22,761 [INFO] [Day 59/71] BU0 ...
2026-04-14 23:28:23,465 [INFO]   -> BU0.parquet  (3029 rows, 289 cols)
2026-04-14 23:28:23,465 [INFO] [Day 60/71] CU0 ...
2026-04-14 23:28:24,577 [INFO]   -> CU0.parquet  (5163 rows, 289 cols)
2026-04-14 23:28:24,577 [INFO] [Day 61/71] FU0 ...
2026-04-14 23:28:25,682 [INFO]   -> FU0.parquet  (5138 rows, 289 cols)
2026-04-14 23:28:25,682 [INFO] [Day 62/71] HC0 ...
2026-04-14 23:28:26,355 [INFO]   -> HC0.parquet  (2925 rows, 289 cols)
2026-04-14 23:28:26,355 [INFO] [Day 63/71] NI0 ...
2026-04-14 23:28:26,987 [INFO]   -> NI0.parquet  (2675 rows, 289 cols)
2026-04-14 23:28:26,987 [INFO] [Day 64/71] OP0 ...
2026-04-14 23:28:27,114 [INFO]   -> OP0.parquet  (129 rows, 289 cols)
2026-04-14 23:28:27,114 [INFO] [Day 65/71] PB0 ...
2026-04-14 23:28:27,946 [INFO]   -> PB0.parquet  (3646 rows, 289 cols)
2026-04-14 23:28:27,946 [INFO] [Day 66/71] RB0 ...
2026-04-14 23:28:28,856 [INFO]   -> RB0.parquet  (4127 rows, 289 cols)
2026-04-14 23:28:28,856 [INFO] [Day 67/71] RU0 ...
2026-04-14 23:28:29,981 [INFO]   -> RU0.parquet  (5161 rows, 289 cols)
2026-04-14 23:28:29,981 [INFO] [Day 68/71] SN0 ...
2026-04-14 23:28:30,659 [INFO]   -> SN0.parquet  (2675 rows, 289 cols)
2026-04-14 23:28:30,659 [INFO] [Day 69/71] SP0 ...
2026-04-14 23:28:31,116 [INFO]   -> SP0.parquet  (1776 rows, 289 cols)
2026-04-14 23:28:31,116 [INFO] [Day 70/71] SS0 ...
2026-04-14 23:28:31,532 [INFO]   -> SS0.parquet  (1574 rows, 289 cols)
2026-04-14 23:28:31,532 [INFO] [Day 71/71] ZN0 ...
2026-04-14 23:28:32,553 [INFO]   -> ZN0.parquet  (4626 rows, 289 cols)
2026-04-14 23:28:32,724 [INFO] 计算天级截面特征 ...
2026-04-14 23:28:34,279 [INFO] 天级特征完成: 71 品种, 189741 行, 305 列, 耗时 46.2s
2026-04-14 23:28:34,279 [INFO] 合并文件: /Users/wuyuliang/code/vnpy/cta/feature/feature/day/_all_symbols.parquet
2026-04-14 23:28:34,321 [INFO] [Minute 1/1] CU0.SHF ...
2026-04-14 23:31:30,194 [ERROR]   CU0 出错: cannot convert float NaN to integer
Traceback (most recent call last):
  File "/Users/wuyuliang/code/vnpy/cta/feature/generate_features.py", line 143, in generate_minute_features
    df_feat = compute_single_symbol_features(df)
  File "/Users/wuyuliang/code/vnpy/cta/feature/compute.py", line 56, in compute_single_symbol_features
    compute_price_action_features(df),
    ~~~~~~~~~~~~~~~~~~~~~~~~~~~~~^^^^
  File "/Users/wuyuliang/code/vnpy/cta/feature/price_action.py", line 912, in compute_price_action_features
    result[f"pa_micro_channel_{n}"] = micro_channel(c, o, n)
                                      ~~~~~~~~~~~~~^^^^^^^^^
  File "/Users/wuyuliang/code/vnpy/cta/feature/price_action.py", line 504, in micro_channel
    d = int(direction.iloc[i])
ValueError: cannot convert float NaN to integer
2026-04-14 23:31:30,215 [WARNING] 分钟级: 没有成功计算任何品种
2026-04-14 23:31:30,262 [INFO] 全部完成!
